ip revision: v3.1[0m
[0;32mI (40) boot.esp32: SPI Speed      :p32: SPI Flash Size : 2MB[0m
[0;32mI (53) boot: Enabling RNG early entropy source...[0m
[0;32mI (59) boot: Partition Table:[0m
[0;32mI (62) boot: ## Label            Usage          Type ST Offset   ï¿½ets Jul 29 2019 12:21:46

rst:0x1 (POWERON_RESET),boot:0x13 (SPI_FAST_FLASH_BOOT)
configsip: 0, SPIWP:0xee
clk_drv:0x00,q_drv:0x00,d_drv:0x00,cs0_drv:0x00,hd_drv:0x00,wp_drv:0x00
mode:DIO, clock div:2
load:0x3fff0030,len:7176
load:0x40078000,len:15564
ho 0 tail 12 room 4
load:0x40080400,len:4
load:0x40080404,len:3904
entry 0x40080640
[0;32mI (31) boot: ESP-IDF v5.3-dirty 2nd stage bootloader[0m
[0;32mI (31) boot: compile time Oct  7 2024 13:10:34[0m
[0;32mI (31) boot: Multicore bootloader[0m
[0;32mI (36) boot: chip revision: v3.1[0m
[0;32mI (40) boot.esp32: SPI Speed      : 40MHz[0m
[0;32mI (44) boot.esp32: SPI Mode       : DIO[0m
[0;32mI (49) boot.esp32: SPI Flash Size : 2MB[0m
[0;32mI (53) boot: Enabling RNG early entropy source...[0m
[0;32mI (59) boot: Partition Table:[0m
[0;32mI (62) boot: ## Label            Usage          Type ST Offset   Length[0m
[0;32mI (70) boot:  0 nvs              WiFi data        01 02 00009000 00006000[0m
[0;32mI (77) boot:  1 phy_init         RF data          01 01 0000f000 00001000[0m
[0;32mI (84) boot:  2 factory          factory app      00 00 00010000 00100000[0m
[0;32mI (92) boot: End of partition table[0m
[0;32mI (96) esp_image: segment 0: paddr=00010020 vaddr=3f400020 size=21934h (137524) map[0m
[0;32mI (152) esp_image: segment 1: paddr=0003195c vaddr=3ffb0000 size=03e48h ( 15944) load[0m
[0;32mI (158) esp_image: segment 2: paddr=000357ac vaddr=40080000 size=0a86ch ( 43116) load[0m
[0;32mI (175) esp_image: segment 3: paddr=00040020 vaddr=400d0020 size=92628h (599592) map[0m
[0;32mI (381) esp_image: segment 4: paddr=000d2650 vaddr=4008a86c size=0c9f0h ( 51696) load[0m
[0;32mI (413) boot: Loaded app from partition at offset 0x10000[0m
[0;32mI (413) boot: Disabling RNG early entropy source...[0m
[0;32mI (425) cpu_start: Multicore app[0m
[0;32mI (433) cpu_start: Pro cpu start user code[0m
[0;32mI (433) cpu_start: cpu freq: 160000000 Hz[0m
[0;32mI (433) app_init: Application information:[0m
[0;32mI (436) app_init: Project name:     websocket[0m
[0;32mI (441) app_init: App version:      0ccd807-dirty[0m
[0;32mI (447) app_init: Compile time:     Oct  7 2024 13:22:58[0m
[0;32mI (453) app_init: ELF file SHA256:  1fb7a9539...[0m
[0;32mI (458) app_init: ESP-IDF:          v5.3-dirty[0m
[0;32mI (463) efuse_init: Min chip rev:     v0.0[0m
[0;32mI (468) efuse_init: Max chip rev:     v3.99 [0m
[0;32mI (473) efuse_init: Chip rev:         v3.1[0m
[0;32mI (478) heap_init: Initializing. RAM available for dynamic allocation:[0m
[0;32mI (485) heap_init: At 3FFAE6E0 len 00001920 (6 KiB): DRAM[0m
[0;32mI (491) heap_init: At 3FFB87E8 len 00027818 (158 KiB): DRAM[0m
[0;32mI (497) heap_init: At 3FFE0440 len 00003AE0 (14 KiB): D/IRAM[0m
[0;32mI (503) heap_init: At 3FFE4350 len 0001BCB0 (111 KiB): D/IRAM[0m
[0;32mI (510) heap_init: At 4009725C len 00008DA4 (35 KiB): IRAM[0m
[0;32mI (518) spi_flash: detected chip: generic[0m
[0;32mI (521) spi_flash: flash io: dio[0m
[0;33mW (525) spi_flash: Detected size(4096k) larger than the size in the binary image header(2048k). Using the size in the binary image header.[0m
[0;32mI (539) main_task: Started on CPU0[0m
[0;32mI (549) main_task: Calling app_main()[0m
I (579) wifi:wifi driver task: 3ffc0794, prio:23, stack:6656, core=0
I (589) wifi:wifi firmware version: 0caa81945
I (589) wifi:wifi certification version: v7.0
I (589) wifi:config NVS flash: enabled
I (589) wifi:config nano formating: disabled
I (589) wifi:Init data frame dynamic rx buffer num: 32
I (599) wifi:Init static rx mgmt buffer num: 5
I (599) wifi:Init management short buffer num: 32
I (609) wifi:Init dynamic tx buffer num: 32
I (609) wifi:Init static rx buffer size: 1600
I (619) wifi:Init static rx buffer num: 10
I (619) wifi:Init dynamic rx buffer num: 32
[0;32mI (619) wifi_init: rx ba win: 6[0m
[0;32mI (629) wifi_init: accept mbox: 6[0m
[0;32mI (629) wifi_init: tcpip mbox: 32[0m
[0;32mI (629) wifi_init: udp mbox: 6[0m
[0;32mI (639) wifi_init: tcp mbox: 6[0m
[0;32mI (639) wifi_init: tcp tx win: 5760[0m
[0;32mI (649) wifi_init: tcp rx win: 5760[0m
[0;32mI (649) wifi_init: tcp mss: 1440[0m
[0;32mI (649) wifi_init: WiFi IRAM OP enabled[0m
[0;32mI (659) wifi_init: WiFi RX IRAM OP enabled[0m
[0;32mI (689) phy_init: phy_version 4830,54550f7,Jun 20 2024,14:22:08[0m
I (779) wifi:mode : sta (ec:64:c9:85:41:98)
I (779) wifi:enable tsf
WiFi connecting ... 
W (789) wifi:exceed max band, 2g, ngroup:3
W (789) wifi:exceed max band, 2g, ngroup:3
I (1059) wifi:new:<1,0>, old:<1,0>, ap:<255,255>, sta:<1,0>, prof:1, snd_ch_cfg:0x0
I (1059) wifi:state: init -> auth (0xb0)
I (1069) wifi:state: auth -> assoc (0x0)
I (1089) wifi:state: assoc -> run (0x10)
I (1109) wifi:connected with PoleDeVinci_IFT, aid = 4, channel 1, BW20, bssid = 8c:fe:74:62:a6:59
I (1109) wifi:security: WPA2-PSK, phy: bgn, rssi: -70
I (1129) wifi:pm start, type: 1

I (1129) wifi:dp: 1, bi: 102400, li: 3, scale listen interval from 307200 us to 307200 us
WiFi connected ... 
I (1199) wifi:AP's beacon interval = 102400 us, DTIM period = 1
W (1199) wifi:exceed max band, 2g, ngroup:3
W (1299) wifi:exceed max band, 2g, ngroup:3
W (1399) wifi:exceed max band, 2g, ngroup:3
W (1609) wifi:exceed max band, 2g, ngroup:3
I (1699) wifi:<ba-add>idx:0 (ifx:0, 8c:fe:74:62:a6:59), tid:1, ssn:4, winSize:64
W (1709) wifi:exceed max band, 2g, ngroup:3
W (1809) wifi:exceed max band, 2g, ngroup:3
W (1909) wifi:exceed max band, 2g, ngroup:3
W (2019) wifi:exceed max band, 2g, ngroup:3
W (2119) wifi:exceed max band, 2g, ngroup:3
W (2219) wifi:exceed max band, 2g, ngroup:3
I (2229) wifi:<ba-add>idx:1 (ifx:0, 8c:fe:74:62:a6:59), tid:6, ssn:6, winSize:64
I (2269) wifi:<ba-del>idx:0, tid:1
I (2269) wifi:<ba-add>idx:0 (ifx:0, 8c:fe:74:62:a6:59), tid:0, ssn:0, winSize:64
[0;32mI (2279) ws server: Starting server on port: '80'[0m
[0;32mI (2279) ws server: Registering URI handler[0m
[0;32mI (2279) main_task: Returned from app_main()[0m
W (2329) wifi:exceed max band, 2g, ngroup:3
W (2429) wifi:exceed max band, 2g, ngroup:3
W (2629) wifi:exceed max band, 2g, ngroup:3
W (2729) wifi:exceed max band, 2g, ngroup:3
W (2839) wifi:exceed max band, 2g, ngroup:3
[0;32mI (3129) esp_netif_handlers: sta ip: 10.1.224.124, mask: 255.255.252.0, gw: 10.1.224.1[0m
W (3139) wifi:exceed max band, 2g, ngroup:3
W (3249) wifi:exceed max band, 2g, ngroup:3
I (3269) wifi:<ba-del>idx:0, tid:0
I (3269) wifi:<ba-add>idx:0 (ifx:0, 8c:fe:74:62:a6:59), tid:0, ssn:8, winSize:64
W (3449) wifi:exceed max band, 2g, ngroup:3
W (3659) wifi:exceed max band, 2g, ngroup:3
W (3759) wifi:exceed max band, 2g, ngroup:3
W (3859) wifi:exceed max band, 2g, ngroup:3
W (3959) wifi:exceed max band, 2g, ngroup:3
W (4169) wifi:exceed max band, 2g, ngroup:3
W (4269) wifi:exceed max band, 2g, ngroup:3
W (4369) wifi:exceed max band, 2g, ngroup:3
W (4679) wifi:exceed max band, 2g, ngroup:3
W (4779) wifi:exceed max band, 2g, ngroup:3
W (5289) wifi:exceed max band, 2g, ngroup:3
W (5399) wifi:exceed max band, 2g, ngroup:3
W (5499) wifi:exceed max band, 2g, ngroup:3
W (5699) wifi:exceed max band, 2g, ngroup:3
W (5809) wifi:exceed max band, 2g, ngroup:3
W (5909) wifi:exceed max band, 2g, ngroup:3
W (6009) wifi:exceed max band, 2g, ngroup:3
W (6319) wifi:exceed max band, 2g, ngroup:3
W (6419) wifi:exceed max band, 2g, ngroup:3
W (6519) wifi:exceed max band, 2g, ngroup:3
W (6729) wifi:exceed max band, 2g, ngroup:3
W (6929) wifi:exceed max band, 2g, ngroup:3
W (7039) wifi:exceed max band, 2g, ngroup:3
W (7239) wifi:exceed max band, 2g, ngroup:3
W (7339) wifi:exceed max band, 2g, ngroup:3
W (7439) wifi:exceed max band, 2g, ngroup:3
W (7549) wifi:exceed max band, 2g, ngroup:3
W (7749) wifi:exceed max band, 2g, ngroup:3
W (7849) wifi:exceed max band, 2g, ngroup:3
W (7959) wifi:exceed max band, 2g, ngroup:3
W (8059) wifi:exceed max band, 2g, ngroup:3
W (8259) wifi:exceed max band, 2g, ngroup:3
W (8369) wifi:exceed max band, 2g, ngroup:3
W (8469) wifi:exceed max band, 2g, ngroup:3
W (8579) wifi:exceed max band, 2g, ngroup:3
W (8669) wifi:exceed max band, 2g, ngroup:3
W (8779) wifi:exceed max band, 2g, ngroup:3
W (8879) wifi:exceed max band, 2g, ngroup:3
W (9079) wifi:exceed max band, 2g, ngroup:3
W (9289) wifi:exceed max band, 2g, ngroup:3
W (9389) wifi:exceed max band, 2g, ngroup:3
W (9489) wifi:exceed max band, 2g, ngroup:3
W (9599) wifi:exceed max band, 2g, ngroup:3
W (9799) wifi:exceed max band, 2g, ngroup:3
W (9899) wifi:exceed max band, 2g, ngroup:3
W (9999) wifi:exceed max band, 2g, ngroup:3
W (10109) wifi:exceed max band, 2g, ngroup:3
W (10309) wifi:exceed max band, 2g, ngroup:3
W (10409) wifi:exceed max band, 2g, ngroup:3
W (10519) wifi:exceed max band, 2g, ngroup:3
W (10819) wifi:exceed max band, 2g, ngroup:3
W (10929) wifi:exceed max band, 2g, ngroup:3
W (11029) wifi:exceed max band, 2g, ngroup:3
W (11129) wifi:exceed max band, 2g, ngroup:3
W (11339) wifi:exceed max band, 2g, ngroup:3
W (11439) wifi:exceed max band, 2g, ngroup:3
W (11539) wifi:exceed max band, 2g, ngroup:3
W (11639) wifi:exceed max band, 2g, ngroup:3
W (11849) wifi:exceed max band, 2g, ngroup:3
W (11949) wifi:exceed max band, 2g, ngroup:3
W (12049) wifi:exceed max band, 2g, ngroup:3
W (12159) wifi:exceed max band, 2g, ngroup:3
W (12359) wifi:exceed max band, 2g, ngroup:3
W (12459) wifi:exceed max band, 2g, ngroup:3
W (12559) wifi:exceed max band, 2g, ngroup:3
W (12869) wifi:exceed max band, 2g, ngroup:3
W (12969) wifi:exceed max band, 2g, ngroup:3
W (13079) wifi:exceed max band, 2g, ngroup:3
W (13179) wifi:exceed max band, 2g, ngroup:3
