[0;32mI (31) boot: Multicore bootloader[0m
[0;32mI (36) boot: chip revision: v3.1[0m
[0;32mI (40) boot.esp32: SPI Speed  ï¿½ï¿½2: SPI Flash Size : 2MB[0m
[0;32mI (53) boot: Enabling RNG early entropy source...[0m
[0;32mI (59) boot: Partition Table:[0m
[0;32mI (62) boot: ## Label            Usage          Type ST Offset   ï¿½ets Jul 29 2019 12:21:46

rst:0x1 (POWERON_RESET),boot:0x13 (SPI_FAST_FLASH_BOOT)
configsip: 0, SPIWP:0xee
clk_drv:0x00,q_drv:0x00,d_drv:0x00,cs0_drv:0x00,hd_drv:0x00,wp_drv:0x00
mode:DIO, clock div:2
load:0x3fff0030,len:7176
load:0x40078000,len:15564
ho 0 tail 12 room 4
load:0x40080400,len:4
load:0x40080404,len:3904
entry 0x40080640
[0;32mI (31) boot: ESP-IDF v5.3-dirty 2nd stage bootloader[0m
[0;32mI (31) boot: compile time Oct  7 2024 13:10:34[0m
[0;32mI (31) boot: Multicore bootloader[0m
[0;32mI (36) boot: chip revision: v3.1[0m
[0;32mI (40) boot.esp32: SPI Speed      : 40MHz[0m
[0;32mI (44) boot.esp32: SPI Mode       : DIO[0m
[0;32mI (49) boot.esp32: SPI Flash Size : 2MB[0m
[0;32mI (53) boot: Enabling RNG early entropy source...[0m
[0;32mI (59) boot: Partition Table:[0m
[0;32mI (62) boot: ## Label            Usage          Type ST Offset   Length[0m
[0;32mI (70) boot:  0 nvs              WiFi data        01 02 00009000 00006000[0m
[0;32mI (77) boot:  1 phy_init         RF data          01 01 0000f000 00001000[0m
[0;32mI (84) boot:  2 factory          factory app      00 00 00010000 00100000[0m
[0;32mI (92) boot: End of partition table[0m
[0;32mI (96) esp_image: segment 0: paddr=00010020 vaddr=3f400020 size=215ech (136684) map[0m
[0;32mI (151) esp_image: segment 1: paddr=00031614 vaddr=3ffb0000 size=03e18h ( 15896) load[0m
[0;32mI (158) esp_image: segment 2: paddr=00035434 vaddr=40080000 size=0abe4h ( 44004) load[0m
[0;32mI (175) esp_image: segment 3: paddr=00040020 vaddr=400d0020 size=8b480h (570496) map[0m
[0;32mI (371) esp_image: segment 4: paddr=000cb4a8 vaddr=4008abe4 size=0c678h ( 50808) load[0m
[0;32mI (403) boot: Loaded app from partition at offset 0x10000[0m
[0;32mI (403) boot: Disabling RNG early entropy source...[0m
[0;32mI (414) cpu_start: Multicore app[0m
[0;32mI (423) cpu_start: Pro cpu start user code[0m
[0;32mI (423) cpu_start: cpu freq: 160000000 Hz[0m
[0;32mI (423) app_init: Application information:[0m
[0;32mI (426) app_init: Project name:     websocket[0m
[0;32mI (431) app_init: App version:      0ccd807-dirty[0m
[0;32mI (436) app_init: Compile time:     Oct  7 2024 13:22:58[0m
[0;32mI (442) app_init: ELF file SHA256:  5f767cef4...[0m
[0;32mI (448) app_init: ESP-IDF:          v5.3-dirty[0m
[0;32mI (453) efuse_init: Min chip rev:     v0.0[0m
[0;32mI (458) efuse_init: Max chip rev:     v3.99 [0m
[0;32mI (463) efuse_init: Chip rev:         v3.1[0m
[0;32mI (468) heap_init: Initializing. RAM available for dynamic allocation:[0m
[0;32mI (475) heap_init: At 3FFAE6E0 len 00001920 (6 KiB): DRAM[0m
[0;32mI (481) heap_init: At 3FFB8040 len 00027FC0 (159 KiB): DRAM[0m
[0;32mI (487) heap_init: At 3FFE0440 len 00003AE0 (14 KiB): D/IRAM[0m
[0;32mI (493) heap_init: At 3FFE4350 len 0001BCB0 (111 KiB): D/IRAM[0m
[0;32mI (500) heap_init: At 4009725C len 00008DA4 (35 KiB): IRAM[0m
[0;32mI (507) spi_flash: detected chip: generic[0m
[0;32mI (510) spi_flash: flash io: dio[0m
[0;33mW (514) spi_flash: Detected size(4096k) larger than the size in the binary image header(2048k). Using the size in the binary image header.[0m
[0;32mI (529) main_task: Started on CPU0[0m
[0;32mI (539) main_task: Calling app_main()[0m
I (569) wifi:wifi driver task: 3ffc0034, prio:23, stack:6656, core=0
I (579) wifi:wifi firmware version: 0caa81945
I (579) wifi:wifi certification version: v7.0
I (579) wifi:config NVS flash: enabled
I (579) wifi:config nano formating: disabled
I (579) wifi:Init data frame dynamic rx buffer num: 32
I (589) wifi:Init static rx mgmt buffer num: 5
I (589) wifi:Init management short buffer num: 32
I (599) wifi:Init dynamic tx buffer num: 32
I (599) wifi:Init static rx buffer size: 1600
I (609) wifi:Init static rx buffer num: 10
I (609) wifi:Init dynamic rx buffer num: 32
[0;32mI (609) wifi_init: rx ba win: 6[0m
[0;32mI (619) wifi_init: accept mbox: 6[0m
[0;32mI (619) wifi_init: tcpip mbox: 32[0m
[0;32mI (629) wifi_init: udp mbox: 6[0m
[0;32mI (629) wifi_init: tcp mbox: 6[0m
[0;32mI (629) wifi_init: tcp tx win: 5760[0m
[0;32mI (639) wifi_init: tcp rx win: 5760[0m
[0;32mI (639) wifi_init: tcp mss: 1440[0m
[0;32mI (639) wifi_init: WiFi IRAM OP enabled[0m
[0;32mI (649) wifi_init: WiFi RX IRAM OP enabled[0m
[0;32mI (929) phy_init: phy_version 4830,54550f7,Jun 20 2024,14:22:08[0m
I (1019) wifi:mode : softAP (ec:64:c9:85:41:99)
I (1119) wifi:Total power save buffer number: 16
I (1129) wifi:Init max length of beacon: 752/752
I (1129) wifi:Init max length of beacon: 752/752
[0;32mI (1129) ws server: wifi_init_softap finished. SSID:StanelyESP password:ouiouioui channel:6[0m
[0;32mI (1129) esp_netif_lwip: DHCP server started on interface WIFI_AP_DEF with IP: 192.168.4.1[0m
[0;32mI (2649) ws server: Starting server on port: '80'[0m
[0;32mI (2649) ws server: Registering URI handler[0m
[0;32mI (2649) main_task: Returned from app_main()[0m
I (24629) wifi:new:<6,0>, old:<6,1>, ap:<6,1>, sta:<255,255>, prof:6, snd_ch_cfg:0x0
I (24639) wifi:station: b4:fa:48:df:a4:14 join, AID=1, bgn, 20
I (24749) wifi:<ba-add>idx:2 (ifx:1, b4:fa:48:df:a4:14), tid:6, ssn:0, winSize:64
[0;32mI (25779) esp_netif_lwip: DHCP server assigned IP to a client, IP is: 192.168.4.2[0m
I (28009) wifi:<ba-add>idx:3 (ifx:1, b4:fa:48:df:a4:14), tid:0, ssn:2, winSize:64
[0;33mW (61469) httpd_uri: httpd_uri: URI '/' not found[0m
[0;33mW (61469) httpd_txrx: httpd_resp_send_err: 404 Not Found - Nothing matches the given URI[0m
[0;33mW (61539) httpd_uri: httpd_uri: URI '/favicon.ico' not found[0m
[0;33mW (61539) httpd_txrx: httpd_resp_send_err: 404 Not Found - Nothing matches the given URI[0m
[0;32mI (67249) ws server: Queuing work fd : 58[0m
[0;32mI (67259) ws server: Executing queued work fd : 58[0m
I (75169) wifi:<ba-add>idx:4 (ifx:1, b4:fa:48:df:a4:14), tid:1, ssn:0, winSize:64
