[0;32mI (31) boot: Multicore bootloader[0m
[0;32mI (36) boot: chip revision: v3.1[0m
[0;32mI (40) boot.esp32: SPI Speed  p32: SPI Flash Size : 2MB[0m
[0;32mI (53) boot: Enabling RNG early entropy source...[0m
[0;32mI (59) boot: Partition Table:[0m
[0;32mI (62) boot: ## Label            Usage          Type ST Offset   ï¿½ets Jul 29 2019 12:21:46

rst:0x1 (POWERON_RESET),boot:0x13 (SPI_FAST_FLASH_BOOT)
configsip: 0, SPIWP:0xee
clk_drv:0x00,q_drv:0x00,d_drv:0x00,cs0_drv:0x00,hd_drv:0x00,wp_drv:0x00
mode:DIO, clock div:2
load:0x3fff0030,len:7176
load:0x40078000,len:15564
ho 0 tail 12 room 4
load:0x40080400,len:4
load:0x40080404,len:3904
entry 0x40080640
[0;32mI (31) boot: ESP-IDF v5.3-dirty 2nd stage bootloader[0m
[0;32mI (31) boot: compile time Oct  7 2024 13:10:34[0m
[0;32mI (31) boot: Multicore bootloader[0m
[0;32mI (36) boot: chip revision: v3.1[0m
[0;32mI (40) boot.esp32: SPI Speed      : 40MHz[0m
[0;32mI (44) boot.esp32: SPI Mode       : DIO[0m
[0;32mI (49) boot.esp32: SPI Flash Size : 2MB[0m
[0;32mI (53) boot: Enabling RNG early entropy source...[0m
[0;32mI (59) boot: Partition Table:[0m
[0;32mI (62) boot: ## Label            Usage          Type ST Offset   Length[0m
[0;32mI (70) boot:  0 nvs              WiFi data        01 02 00009000 00006000[0m
[0;32mI (77) boot:  1 phy_init         RF data          01 01 0000f000 00001000[0m
[0;32mI (84) boot:  2 factory          factory app      00 00 00010000 00100000[0m
[0;32mI (92) boot: End of partition table[0m
[0;32mI (96) esp_image: segment 0: paddr=00010020 vaddr=3f400020 size=214b4h (136372) map[0m
[0;32mI (151) esp_image: segment 1: paddr=000314dc vaddr=3ffb0000 size=03e18h ( 15896) load[0m
[0;32mI (158) esp_image: segment 2: paddr=000352fc vaddr=40080000 size=0ad1ch ( 44316) load[0m
[0;32mI (175) esp_image: segment 3: paddr=00040020 vaddr=400d0020 size=8b0b0h (569520) map[0m
[0;32mI (370) esp_image: segment 4: paddr=000cb0d8 vaddr=4008ad1c size=0c540h ( 50496) load[0m
[0;32mI (402) boot: Loaded app from partition at offset 0x10000[0m
[0;32mI (402) boot: Disabling RNG early entropy source...[0m
[0;32mI (414) cpu_start: Multicore app[0m
[0;32mI (423) cpu_start: Pro cpu start user code[0m
[0;32mI (423) cpu_start: cpu freq: 160000000 Hz[0m
[0;32mI (423) app_init: Application information:[0m
[0;32mI (426) app_init: Project name:     websocket[0m
[0;32mI (431) app_init: App version:      0ccd807-dirty[0m
[0;32mI (436) app_init: Compile time:     Oct  7 2024 13:10:58[0m
[0;32mI (442) app_init: ELF file SHA256:  bc5ec1a4b...[0m
[0;32mI (447) app_init: ESP-IDF:          v5.3-dirty[0m
[0;32mI (452) efuse_init: Min chip rev:     v0.0[0m
[0;32mI (457) efuse_init: Max chip rev:     v3.99 [0m
[0;32mI (462) efuse_init: Chip rev:         v3.1[0m
[0;32mI (467) heap_init: Initializing. RAM available for dynamic allocation:[0m
[0;32mI (474) heap_init: At 3FFAE6E0 len 00001920 (6 KiB): DRAM[0m
[0;32mI (480) heap_init: At 3FFB8040 len 00027FC0 (159 KiB): DRAM[0m
[0;32mI (486) heap_init: At 3FFE0440 len 00003AE0 (14 KiB): D/IRAM[0m
[0;32mI (493) heap_init: At 3FFE4350 len 0001BCB0 (111 KiB): D/IRAM[0m
[0;32mI (499) heap_init: At 4009725C len 00008DA4 (35 KiB): IRAM[0m
[0;32mI (507) spi_flash: detected chip: generic[0m
[0;32mI (510) spi_flash: flash io: dio[0m
[0;33mW (514) spi_flash: Detected size(4096k) larger than the size in the binary image header(2048k). Using the size in the binary image header.[0m
[0;32mI (528) main_task: Started on CPU0[0m
[0;32mI (538) main_task: Calling app_main()[0m
I (568) wifi:wifi driver task: 3ffbff68, prio:23, stack:6656, core=0
I (578) wifi:wifi firmware version: 0caa81945
I (578) wifi:wifi certification version: v7.0
I (578) wifi:config NVS flash: enabled
I (578) wifi:config nano formating: disabled
I (578) wifi:Init data frame dynamic rx buffer num: 32
I (588) wifi:Init static rx mgmt buffer num: 5
I (588) wifi:Init management short buffer num: 32
I (598) wifi:Init dynamic tx buffer num: 32
I (598) wifi:Init static rx buffer size: 1600
I (598) wifi:Init static rx buffer num: 10
I (608) wifi:Init dynamic rx buffer num: 32
[0;32mI (608) wifi_init: rx ba win: 6[0m
[0;32mI (618) wifi_init: accept mbox: 6[0m
[0;32mI (618) wifi_init: tcpip mbox: 32[0m
[0;32mI (618) wifi_init: udp mbox: 6[0m
[0;32mI (628) wifi_init: tcp mbox: 6[0m
[0;32mI (628) wifi_init: tcp tx win: 5760[0m
[0;32mI (628) wifi_init: tcp rx win: 5760[0m
[0;32mI (638) wifi_init: tcp mss: 1440[0m
[0;32mI (638) wifi_init: WiFi IRAM OP enabled[0m
[0;32mI (648) wifi_init: WiFi RX IRAM OP enabled[0m
[0;32mI (698) phy_init: phy_version 4830,54550f7,Jun 20 2024,14:22:08[0m
[0;33mW (698) phy_init: failed to load RF calibration data (0xffffffff), falling back to full calibration[0m
[0;33mW (778) phy_init: saving new calibration data because of checksum failure, mode(2)[0m
I (798) wifi:mode : sta (ec:64:c9:85:41:98)
I (798) wifi:enable tsf
WiFi connecting ... 
W (908) wifi:exceed max band, 2g, ngroup:3
W (908) wifi:exceed max band, 2g, ngroup:3
I (1178) wifi:new:<1,0>, old:<1,0>, ap:<255,255>, sta:<1,0>, prof:1, snd_ch_cfg:0x0
I (1178) wifi:state: init -> auth (0xb0)
I (1218) wifi:state: auth -> assoc (0x0)
I (2218) wifi:state: assoc -> init (0x2700)
I (2218) wifi:new:<1,0>, old:<1,0>, ap:<255,255>, sta:<1,0>, prof:1, snd_ch_cfg:0x0
WiFi lost connection ... 
[0;32mI (2308) ws server: Starting server on port: '80'[0m
[0;32mI (2308) ws server: Registering URI handler[0m
[0;32mI (2308) main_task: Returned from app_main()[0m
ets Jul 29 2019 12:21:46

rst:0x1 (POWERON_RESET),boot:0x13 (SPI_FAST_FLASH_BOOT)
configsip: 0, SPIWP:0xee
clk_drv:0x00,q_drv:0x00,d_drv:0x00,cs0_drv:0x00,hd_drv:0x00,wp_drv:0x00
mode:DIO, clock div:2
load:0x3fff0030,len:7176
load:0x40078000,len:15564
ho 0 tail 12 room 4
load:0x40080400,len:4
load:0x40080404,len:3904
entry 0x40080640
[0;32mI (31) boot: ESP-IDF v5.3-dirty 2nd stage bootloader[0m
[0;32mI (31) boot: compile time Oct  7 2024 13:10:34[0m
[0;32mI (31) boot: Multicore bootloader[0m
[0;32mI (36) boot: chip revision: v3.1[0m
[0;32mI (40) boot.esp32: SPI Speed      : 40MHz[0m
[0;32mI (44) boot.esp32: SPI Mode       : DIO[0m
[0;32mI (49) boot.esp32: SPI Flash Size : 2MB[0m
[0;32mI (53) boot: Enabling RNG early entropy source...[0m
[0;32mI (59) boot: Partition Table:[0m
[0;32mI (62) boot: ## Label            Usage          Type ST Offset   Length[0m
[0;32mI (70) boot:  0 nvs              WiFi data        01 02 00009000 00006000[0m
[0;32mI (77) boot:  1 phy_init         RF data          01 01 0000f000 00001000[0m
[0;32mI (84) boot:  2 factory          factory app      00 00 00010000 00100000[0m
[0;32mI (92) boot: End of partition table[0m
[0;32mI (96) esp_image: segment 0: paddr=00010020 vaddr=3f400020 size=214b4h (136372) map[0m
[0;32mI (151) esp_image: segment 1: paddr=000314dc vaddr=3ffb0000 size=03e18h ( 15896) load[0m
[0;32mI (158) esp_image: segment 2: paddr=000352fc vaddr=40080000 size=0ad1ch ( 44316) load[0m
[0;32mI (175) esp_image: segment 3: paddr=00040020 vaddr=400d0020 size=8b0b0h (569520) map[0m
[0;32mI (370) esp_image: segment 4: paddr=000cb0d8 vaddr=4008ad1c size=0c540h ( 50496) load[0m
[0;32mI (402) boot: Loaded app from partition at offset 0x10000[0m
[0;32mI (402) boot: Disabling RNG early entropy source...[0m
[0;32mI (414) cpu_start: Multicore app[0m
[0;32mI (423) cpu_start: Pro cpu start user code[0m
[0;32mI (423) cpu_start: cpu freq: 160000000 Hz[0m
[0;32mI (423) app_init: Application information:[0m
[0;32mI (426) app_init: Project name:     websocket[0m
[0;32mI (431) app_init: App version:      0ccd807-dirty[0m
[0;32mI (436) app_init: Compile time:     Oct  7 2024 13:10:58[0m
[0;32mI (442) app_init: ELF file SHA256:  bc5ec1a4b...[0m
[0;32mI (447) app_init: ESP-IDF:          v5.3-dirty[0m
[0;32mI (452) efuse_init: Min chip rev:     v0.0[0m
[0;32mI (457) efuse_init: Max chip rev:     v3.99 [0m
[0;32mI (462) efuse_init: Chip rev:         v3.1[0m
[0;32mI (467) heap_init: Initializing. RAM available for dynamic allocation:[0m
[0;32mI (474) heap_init: At 3FFAE6E0 len 00001920 (6 KiB): DRAM[0m
[0;32mI (480) heap_init: At 3FFB8040 len 00027FC0 (159 KiB): DRAM[0m
[0;32mI (486) heap_init: At 3FFE0440 len 00003AE0 (14 KiB): D/IRAM[0m
[0;32mI (493) heap_init: At 3FFE4350 len 0001BCB0 (111 KiB): D/IRAM[0m
[0;32mI (499) heap_init: At 4009725C len 00008DA4 (35 KiB): IRAM[0m
[0;32mI (507) spi_flash: detected chip: generic[0m
[0;32mI (510) spi_flash: flash io: dio[0m
[0;33mW (514) spi_flash: Detected size(4096k) larger than the size in the binary image header(2048k). Using the size in the binary image header.[0m
[0;32mI (528) main_task: Started on CPU0[0m
[0;32mI (538) main_task: Calling app_main()[0m
I (568) wifi:wifi driver task: 3ffbff68, prio:23, stack:6656, core=0
I (578) wifi:wifi firmware version: 0caa81945
I (578) wifi:wifi certification version: v7.0
I (578) wifi:config NVS flash: enabled
I (578) wifi:config nano formating: disabled
I (578) wifi:Init data frame dynamic rx buffer num: 32
I (588) wifi:Init static rx mgmt buffer num: 5
I (588) wifi:Init management short buffer num: 32
I (598) wifi:Init dynamic tx buffer num: 32
I (598) wifi:Init static rx buffer size: 1600
I (608) wifi:Init static rx buffer num: 10
I (608) wifi:Init dynamic rx buffer num: 32
[0;32mI (608) wifi_init: rx ba win: 6[0m
[0;32mI (618) wifi_init: accept mbox: 6[0m
[0;32mI (618) wifi_init: tcpip mbox: 32[0m
[0;32mI (618) wifi_init: udp mbox: 6[0m
[0;32mI (628) wifi_init: tcp mbox: 6[0m
[0;32mI (628) wifi_init: tcp tx win: 5760[0m
[0;32mI (638) wifi_init: tcp rx win: 5760[0m
[0;32mI (638) wifi_init: tcp mss: 1440[0m
[0;32mI (638) wifi_init: WiFi IRAM OP enabled[0m
[0;32mI (648) wifi_init: WiFi RX IRAM OP enabled[0m
[0;32mI (658) phy_init: phy_version 4830,54550f7,Jun 20 2024,14:22:08[0m
[0;33mW (738) phy_init: saving new calibration data because of checksum failure, mode(0)[0m
I (758) wifi:mode : sta (ec:64:c9:85:41:98)
I (758) wifi:enable tsf
WiFi connecting ... 
W (778) wifi:exceed max band, 2g, ngroup:3
W (778) wifi:exceed max band, 2g, ngroup:3
I (778) wifi:new:<1,0>, old:<1,0>, ap:<255,255>, sta:<1,0>, prof:1, snd_ch_cfg:0x0
I (778) wifi:state: init -> auth (0xb0)
I (788) wifi:state: auth -> assoc (0x0)
I (1788) wifi:state: assoc -> init (0x2700)
I (1788) wifi:new:<1,0>, old:<1,0>, ap:<255,255>, sta:<1,0>, prof:1, snd_ch_cfg:0x0
WiFi lost connection ... 
[0;32mI (2268) ws server: Starting server on port: '80'[0m
[0;32mI (2268) ws server: Registering URI handler[0m
[0;32mI (2268) main_task: Returned from app_main()[0m
